<html>
<body>
<pre>
<h1>礦ision Build Log</h1>
<h2>Tool Versions:</h2>
IDE-Version: μVision V5.26.2.0
Copyright (C) 2018 ARM Ltd and ARM Germany GmbH. All rights reserved.
License Information: yang yang, yang, LIC=QF8SB-28I1V-XUW41-CJ6IT-RF78Q-5NI03
 
Tool Versions:
Toolchain:       MDK-ARM Plus  Version: 5.26.2.0
Toolchain Path:  C:\Keil_v5\ARM\ARMCC\Bin
C Compiler:      Armcc.exe V5.06 update 6 (build 750)
Assembler:       Armasm.exe V5.06 update 6 (build 750)
Linker/Locator:  ArmLink.exe V5.06 update 6 (build 750)
Library Manager: ArmAr.exe V5.06 update 6 (build 750)
Hex Converter:   FromElf.exe V5.06 update 6 (build 750)
CPU DLL:         SARMCM3.DLL V5.26.2.0
Dialog DLL:      DARMCM1.DLL V1.19.1.0
Target DLL:      Segger\JL2CM3.dll V2.99.31.0
Dialog DLL:      TARMCM1.DLL V1.14.0.0
 
<h2>Project:</h2>
D:\项目文件\YUYAN-U\soft\雨燕1.4带蓝牙版\新版本V2.814S\MDK-ARM\LY-STM32F0.uvprojx
Project File Date:  05/17/2021

<h2>Output:</h2>
*** Using Compiler 'V5.06 update 6 (build 750)', folder: 'C:\Keil_v5\ARM\ARMCC\Bin'
Rebuild target 'LY-STM32F0'
assembling startup_stm32f072.s...
compiling can.c...
compiling jdq.c...
compiling tim.c...
compiling spi.c...
compiling w25qxx.c...
compiling BQ769x0.c...
compiling SimulateI2C.c...
compiling data.c...
compiling wkup.c...
compiling soc.c...
compiling flash.c...
compiling rtc.c...
compiling EventRecord.c...
compiling WWDG.c...
compiling Uart.c...
..\BSP\Uart.c(155): warning:  #177-D: variable "flash_Operate_St"  was declared but never referenced
        FLASH_Status flash_Operate_St;
..\BSP\Uart.c(156): warning:  #177-D: variable "flash_Operate_cnt"  was declared but never referenced
        unsigned char flash_Operate_cnt=0;
..\BSP\Uart.c(158): warning:  #177-D: variable "temp_app_addr"  was declared but never referenced
        unsigned int temp_app_addr;
..\BSP\Uart.c(159): warning:  #177-D: variable "temp_data"  was declared but never referenced
        unsigned int temp_data;
..\BSP\Uart.c(160): warning:  #177-D: variable "DDword_num"  was declared but never referenced
        unsigned char DDword_num;
..\BSP\Uart.c: 5 warnings, 0 errors
compiling main.c...
compiling pbdata.c...
compiling stm32f0xx_it.c...
compiling stm32f0xx_gpio.c...
compiling stm32f0xx_rcc.c...
compiling stm32f0xx_misc.c...
compiling stm32f0xx_can.c...
compiling stm32f0xx_tim.c...
compiling stm32f0xx_spi.c...
compiling stm32f0xx_rtc.c...
compiling stm32f0xx_pwr.c...
compiling stm32f0xx_flash.c...
compiling stm32f0xx_exti.c...
compiling stm32f0xx_syscfg.c...
compiling stm32f0xx_iwdg.c...
compiling stm32f0xx_usart.c...
compiling stm32f0xx_wwdg.c...
compiling system_stm32f0xx.c...
linking...
Program Size: Code=52336 RO-data=1916 RW-data=484 ZI-data=5732  
FromELF: creating hex file...
After Build - User command #1: C:\Keil_v5\ARM\ARMCC\bin\fromelf.exe --bin -o  ./bin/YUYAN-U_V14.bin  ./Objects/LY-STM32F0.axf
".\Objects\YUYAN-U-V14.axf" - 0 Error(s), 5 Warning(s).

<h2>Software Packages used:</h2>

Package Vendor: Keil
                http://www.keil.com/pack/Keil.STM32F0xx_DFP.2.0.0.pack
                Keil.STM32F0xx_DFP.2.0.0
                STMicroelectronics STM32F0 Series Device Support, Drivers and Examples

<h2>Collection of Component include folders:</h2>
  .\RTE\_LY-STM32F0
  C:\Keil_v5\ARM\PACK\Keil\STM32F0xx_DFP\2.0.0\Drivers\CMSIS\Device\ST\STM32F0xx\Include

<h2>Collection of Component Files used:</h2>
Build Time Elapsed:  00:00:51
</pre>
</body>
</html>
